{
  event = "msg_showcmd",
  kind = {}
}
{
  event = "msg_showcmd",
  kind = { { 0, ":", 0 } }
}
{ 0, ":", "", 0, 1, 0,
  event = "cmdline_show",
  kind = { { 0, "" } }
}
{ 1, ":", "", 0, 1, 0,
  event = "cmdline_show",
  kind = { { 0, "N" } }
}
{ 2, ":", "", 0, 1, 0,
  event = "cmdline_show",
  kind = { { 0, "No" } }
}
{ 3, ":", "", 0, 1, 0,
  event = "cmdline_show",
  kind = { { 0, "Noi" } }
}
{ 4, ":", "", 0, 1, 0,
  event = "cmdline_show",
  kind = { { 0, "Noid" } }
}
{ 10, ":", "", 0, 1, 0,
  event = "cmdline_show",
  kind = { { 0, "NoiceDebug" } }
}
{ false,
  event = "cmdline_hide",
  kind = 1
}
